23:01:01 rome-short head logits rc=0
23:01:04 rome-short head logprobs rc=0
23:01:07 rome-short head text rc=0
23:01:10 rome-short head mtptext rc=0
23:01:12 rome-short base logits rc=0
23:01:14 rome-short base logprobs rc=0
23:01:18 rome-short base text rc=0
23:01:21 rome-short base mtptext rc=0
23:01:22 rome-short ref-on logits rc=0
23:01:24 rome-short ref-on logprobs rc=0
23:01:28 rome-short ref-on text rc=0
23:01:31 rome-short ref-on mtptext rc=0
23:01:31 rome-short ref-off logits rc=0
23:01:34 rome-short ref-off logprobs rc=0
23:01:38 rome-short ref-off text rc=0
23:01:41 rome-short ref-off mtptext rc=0
23:01:42 rome-short head.rep logits rc=0
23:01:44 rome-short head.rep logprobs rc=0
23:01:48 rome-short head.rep text rc=0
23:01:51 rome-short head.rep mtptext rc=0
23:01:53 roma575 head logits rc=0
23:01:56 roma575 head logprobs rc=0
23:02:01 roma575 head text rc=0
23:02:05 roma575 head mtptext rc=0
23:02:07 roma575 base logits rc=0
23:02:10 roma575 base logprobs rc=0
23:02:15 roma575 base text rc=0
23:02:19 roma575 base mtptext rc=0
23:02:21 roma575 ref-on logits rc=0
23:02:24 roma575 ref-on logprobs rc=0
23:02:29 roma575 ref-on text rc=0
23:02:33 roma575 ref-on mtptext rc=0
23:02:35 roma575 ref-off logits rc=0
23:02:38 roma575 ref-off logprobs rc=0
23:02:43 roma575 ref-off text rc=0
23:02:47 roma575 ref-off mtptext rc=0
23:02:49 roma575 head.rep logits rc=0
23:02:52 roma575 head.rep logprobs rc=0
23:02:57 roma575 head.rep text rc=0
23:03:01 roma575 head.rep mtptext rc=0
23:03:12 sposi-long head logits rc=0
23:03:24 sposi-long head logprobs rc=0
23:03:37 sposi-long head text rc=0
23:03:51 sposi-long head mtptext rc=0
23:04:02 sposi-long base logits rc=0
23:04:14 sposi-long base logprobs rc=0
23:04:28 sposi-long base text rc=0
23:04:41 sposi-long base mtptext rc=0
23:04:51 sposi-long ref-on logits rc=0
23:05:03 sposi-long ref-on logprobs rc=0
23:05:17 sposi-long ref-on text rc=0
23:05:30 sposi-long ref-on mtptext rc=0
23:05:41 sposi-long ref-off logits rc=0
23:05:53 sposi-long ref-off logprobs rc=0
23:06:07 sposi-long ref-off text rc=0
23:06:21 sposi-long ref-off mtptext rc=0
23:06:31 sposi-long head.rep logits rc=0
23:06:44 sposi-long head.rep logprobs rc=0
23:06:57 sposi-long head.rep text rc=0
23:07:11 sposi-long head.rep mtptext rc=0
