18:41:33 rome-short new logits rc=0
18:41:35 rome-short new logprobs rc=0
18:41:39 rome-short new text rc=0
18:41:42 rome-short new mtptext rc=0
18:41:43 rome-short base logits rc=0
18:41:45 rome-short base logprobs rc=0
18:41:49 rome-short base text rc=0
18:41:52 rome-short base mtptext rc=0
18:41:53 rome-short prev logits rc=0
18:41:55 rome-short prev logprobs rc=0
18:41:59 rome-short prev text rc=0
18:42:02 rome-short prev mtptext rc=0
18:42:03 rome-short new.rep logits rc=0
18:42:05 rome-short new.rep logprobs rc=0
18:42:08 rome-short new.rep text rc=0
18:42:12 rome-short new.rep mtptext rc=0
18:42:13 roma575 new logits rc=0
18:42:16 roma575 new logprobs rc=0
18:42:21 roma575 new text rc=0
18:42:25 roma575 new mtptext rc=0
18:42:27 roma575 base logits rc=0
18:42:31 roma575 base logprobs rc=0
18:42:35 roma575 base text rc=0
18:42:40 roma575 base mtptext rc=0
18:42:42 roma575 prev logits rc=0
18:42:45 roma575 prev logprobs rc=0
18:42:49 roma575 prev text rc=0
18:42:54 roma575 prev mtptext rc=0
18:42:55 roma575 new.rep logits rc=0
18:42:59 roma575 new.rep logprobs rc=0
18:43:03 roma575 new.rep text rc=0
18:43:08 roma575 new.rep mtptext rc=0
18:43:18 sposi-long new logits rc=0
18:43:30 sposi-long new logprobs rc=0
18:43:44 sposi-long new text rc=0
18:43:57 sposi-long new mtptext rc=0
18:44:08 sposi-long base logits rc=0
18:44:21 sposi-long base logprobs rc=0
18:44:34 sposi-long base text rc=0
18:44:47 sposi-long base mtptext rc=0
18:44:58 sposi-long prev logits rc=0
18:45:10 sposi-long prev logprobs rc=0
18:45:24 sposi-long prev text rc=0
18:45:37 sposi-long prev mtptext rc=0
18:45:48 sposi-long new.rep logits rc=0
18:46:00 sposi-long new.rep logprobs rc=0
18:46:13 sposi-long new.rep text rc=0
18:46:27 sposi-long new.rep mtptext rc=0
