18:07:15 rome-short off logits rc=0
18:07:17 rome-short off logprobs rc=0
18:07:21 rome-short off text rc=0
18:07:24 rome-short off mtptext rc=0
18:07:25 rome-short on logits rc=0
18:07:28 rome-short on logprobs rc=0
18:07:32 rome-short on text rc=0
18:07:35 rome-short on mtptext rc=0
18:07:35 rome-short on.rep logits rc=0
18:07:38 rome-short on.rep logprobs rc=0
18:07:42 rome-short on.rep text rc=0
18:07:45 rome-short on.rep mtptext rc=0
18:07:46 rome-short off.rep logits rc=0
18:07:48 rome-short off.rep logprobs rc=0
18:07:52 rome-short off.rep text rc=0
18:07:55 rome-short off.rep mtptext rc=0
18:07:57 roma575 off logits rc=0
18:08:00 roma575 off logprobs rc=0
18:08:05 roma575 off text rc=0
18:08:09 roma575 off mtptext rc=0
18:08:11 roma575 on logits rc=0
18:08:14 roma575 on logprobs rc=0
18:08:19 roma575 on text rc=0
18:08:23 roma575 on mtptext rc=0
18:08:25 roma575 on.rep logits rc=0
18:08:29 roma575 on.rep logprobs rc=0
18:08:33 roma575 on.rep text rc=0
18:08:37 roma575 on.rep mtptext rc=0
18:08:39 roma575 off.rep logits rc=0
18:08:43 roma575 off.rep logprobs rc=0
18:08:48 roma575 off.rep text rc=0
18:08:52 roma575 off.rep mtptext rc=0
18:09:03 sposi-long off logits rc=0
18:09:15 sposi-long off logprobs rc=0
18:09:29 sposi-long off text rc=0
18:09:43 sposi-long off mtptext rc=0
18:09:53 sposi-long on logits rc=0
18:10:06 sposi-long on logprobs rc=0
18:10:19 sposi-long on text rc=0
18:10:33 sposi-long on mtptext rc=0
18:10:43 sposi-long on.rep logits rc=0
18:10:56 sposi-long on.rep logprobs rc=0
18:11:09 sposi-long on.rep text rc=0
18:11:23 sposi-long on.rep mtptext rc=0
18:11:33 sposi-long off.rep logits rc=0
18:11:46 sposi-long off.rep logprobs rc=0
18:11:59 sposi-long off.rep text rc=0
18:12:13 sposi-long off.rep mtptext rc=0
