2026-10-02 23:07:12 block mtp-off: order A B C C B A
2026-10-02 23:08:08   mtp-off-01-A short: prompt 3683 gen 800 prefill 523.6 decode 40.03 wall 27.247s
2026-10-02 23:08:35   mtp-off-01-A short: prompt 3562 gen 800 prefill 521.2 decode 40.22 wall 26.984s
2026-10-02 23:09:54   mtp-off-01-A deep: prompt 35187 gen 400 prefill 518.99 decode 39.81 wall 78.16s
2026-10-02 23:09:55 mtp-off-01-A: valid=True swapin_pages=8 ready=1.2s
2026-10-02 23:11:49   mtp-off-02-B short: prompt 3683 gen 800 prefill 514.74 decode 43.24 wall 25.718s
2026-10-02 23:12:15   mtp-off-02-B short: prompt 3562 gen 800 prefill 521.64 decode 43.01 wall 25.533s
2026-10-02 23:13:32   mtp-off-02-B deep: prompt 35187 gen 400 prefill 532.93 decode 42.91 wall 75.459s
2026-10-02 23:13:32 mtp-off-02-B: valid=True swapin_pages=547 ready=2.1s
2026-10-02 23:15:26   mtp-off-03-C short: prompt 3683 gen 800 prefill 512.68 decode 43.02 wall 25.839s
2026-10-02 23:15:52   mtp-off-03-C short: prompt 3562 gen 800 prefill 521.57 decode 43.17 wall 25.466s
2026-10-02 23:17:08   mtp-off-03-C deep: prompt 35187 gen 400 prefill 532.94 decode 42.81 wall 75.485s
2026-10-02 23:17:09 mtp-off-03-C: valid=True swapin_pages=151 ready=1.1s
2026-10-02 23:19:02   mtp-off-04-C short: prompt 3683 gen 800 prefill 514.99 decode 43.02 wall 25.807s
2026-10-02 23:19:28   mtp-off-04-C short: prompt 3562 gen 800 prefill 517.06 decode 42.98 wall 25.608s
2026-10-02 23:20:44   mtp-off-04-C deep: prompt 35187 gen 400 prefill 533.54 decode 42.96 wall 75.371s
2026-10-02 23:20:45 mtp-off-04-C: valid=True swapin_pages=40 ready=1.2s
2026-10-02 23:22:38   mtp-off-05-B short: prompt 3683 gen 800 prefill 518.05 decode 43.26 wall 25.662s
2026-10-02 23:23:04   mtp-off-05-B short: prompt 3562 gen 800 prefill 517.24 decode 42.98 wall 25.612s
2026-10-02 23:24:21   mtp-off-05-B deep: prompt 35187 gen 400 prefill 531.58 decode 42.73 wall 75.664s
2026-10-02 23:24:21 mtp-off-05-B: valid=True swapin_pages=16 ready=1.2s
2026-10-02 23:26:17   mtp-off-06-A short: prompt 3683 gen 800 prefill 510.63 decode 40.02 wall 27.262s
2026-10-02 23:26:45   mtp-off-06-A short: prompt 3562 gen 800 prefill 510.54 decode 40.28 wall 26.947s
2026-10-02 23:28:03   mtp-off-06-A deep: prompt 35187 gen 400 prefill 526.56 decode 39.81 wall 76.981s
2026-10-02 23:28:03 mtp-off-06-A: valid=True swapin_pages=4 ready=1.1s
2026-10-02 23:29:04 block mtp-on: order A B B A
2026-10-02 23:29:53   mtp-on-01-A short: prompt 3683 gen 800 prefill 510.43 decode 47.33 wall 24.194s
2026-10-02 23:30:15   mtp-on-01-A short: prompt 3562 gen 800 prefill 511.47 decode 55.11 wall 21.59s
2026-10-02 23:31:31   mtp-on-01-A deep: prompt 35187 gen 400 prefill 525.87 decode 47.66 wall 75.423s
2026-10-02 23:31:32 mtp-on-01-A: valid=True swapin_pages=31 ready=1.2s
2026-10-02 23:33:19   mtp-on-02-B short: prompt 3683 gen 800 prefill 476.05 decode 50.85 wall 23.545s
2026-10-02 23:33:40   mtp-on-02-B short: prompt 3562 gen 800 prefill 477.99 decode 63.67 wall 20.129s
2026-10-02 23:35:01   mtp-on-02-B deep: prompt 35187 gen 400 prefill 483.05 decode 51.58 wall 80.715s
2026-10-02 23:35:02 mtp-on-02-B: valid=True swapin_pages=24 ready=1.2s
2026-10-02 23:36:50   mtp-on-03-B short: prompt 3683 gen 800 prefill 470.24 decode 51.03 wall 23.571s
2026-10-02 23:37:11   mtp-on-03-B short: prompt 3562 gen 800 prefill 475.33 decode 63.16 wall 20.271s
2026-10-02 23:38:31   mtp-on-03-B deep: prompt 35187 gen 400 prefill 489.59 decode 51.84 wall 79.705s
2026-10-02 23:38:32 mtp-on-03-B: valid=True swapin_pages=332 ready=1.1s
2026-10-02 23:40:21   mtp-on-04-A short: prompt 3683 gen 800 prefill 508.91 decode 47.27 wall 24.252s
2026-10-02 23:40:43   mtp-on-04-A short: prompt 3562 gen 800 prefill 511.28 decode 55.43 wall 21.493s
2026-10-02 23:41:59   mtp-on-04-A deep: prompt 35187 gen 400 prefill 526.25 decode 47.52 wall 75.404s
2026-10-02 23:42:00 mtp-on-04-A: valid=True swapin_pages=0 ready=1.1s
2026-10-02 23:43:01 server A/B done
